// Jest Snapshot v1, https://goo.gl/fbAQLP

exports[`Grid component renders correctly 1`] = `
<Fragment>
  <Line
    key="hz_1"
    onContextMenu={[Function]}
    points={
      Array [
        0,
        50,
        500,
        50,
      ]
    }
    stroke="#ccc"
    strokeWidth={1}
  />
  <Line
    key="hz_2"
    onContextMenu={[Function]}
    points={
      Array [
        0,
        100,
        500,
        100,
      ]
    }
    stroke="#ccc"
    strokeWidth={1}
  />
  <Line
    key="hz_3"
    onContextMenu={[Function]}
    points={
      Array [
        0,
        150,
        500,
        150,
      ]
    }
    stroke="#ccc"
    strokeWidth={1}
  />
  <Line
    key="hz_4"
    onContextMenu={[Function]}
    points={
      Array [
        0,
        200,
        500,
        200,
      ]
    }
    stroke="#ccc"
    strokeWidth={1}
  />
  <Line
    key="hz_5"
    onContextMenu={[Function]}
    points={
      Array [
        0,
        250,
        500,
        250,
      ]
    }
    stroke="#ccc"
    strokeWidth={1}
  />
  <Line
    key="hz_6"
    onContextMenu={[Function]}
    points={
      Array [
        0,
        300,
        500,
        300,
      ]
    }
    stroke="#ccc"
    strokeWidth={1}
  />
  <Line
    key="hz_7"
    onContextMenu={[Function]}
    points={
      Array [
        0,
        350,
        500,
        350,
      ]
    }
    stroke="#ccc"
    strokeWidth={1}
  />
  <Line
    key="hz_8"
    onContextMenu={[Function]}
    points={
      Array [
        0,
        400,
        500,
        400,
      ]
    }
    stroke="#ccc"
    strokeWidth={1}
  />
  <Line
    key="hz_9"
    onContextMenu={[Function]}
    points={
      Array [
        0,
        450,
        500,
        450,
      ]
    }
    stroke="#ccc"
    strokeWidth={1}
  />
  <Line
    key="vt_1"
    onContextMenu={[Function]}
    points={
      Array [
        50,
        0,
        50,
        500,
      ]
    }
    stroke="#ccc"
    strokeWidth={1}
  />
  <Line
    key="vt_2"
    onContextMenu={[Function]}
    points={
      Array [
        100,
        0,
        100,
        500,
      ]
    }
    stroke="#ccc"
    strokeWidth={1}
  />
  <Line
    key="vt_3"
    onContextMenu={[Function]}
    points={
      Array [
        150,
        0,
        150,
        500,
      ]
    }
    stroke="#ccc"
    strokeWidth={1}
  />
  <Line
    key="vt_4"
    onContextMenu={[Function]}
    points={
      Array [
        200,
        0,
        200,
        500,
      ]
    }
    stroke="#ccc"
    strokeWidth={1}
  />
  <Line
    key="vt_5"
    onContextMenu={[Function]}
    points={
      Array [
        250,
        0,
        250,
        500,
      ]
    }
    stroke="#ccc"
    strokeWidth={1}
  />
  <Line
    key="vt_6"
    onContextMenu={[Function]}
    points={
      Array [
        300,
        0,
        300,
        500,
      ]
    }
    stroke="#ccc"
    strokeWidth={1}
  />
  <Line
    key="vt_7"
    onContextMenu={[Function]}
    points={
      Array [
        350,
        0,
        350,
        500,
      ]
    }
    stroke="#ccc"
    strokeWidth={1}
  />
  <Line
    key="vt_8"
    onContextMenu={[Function]}
    points={
      Array [
        400,
        0,
        400,
        500,
      ]
    }
    stroke="#ccc"
    strokeWidth={1}
  />
  <Line
    key="vt_9"
    onContextMenu={[Function]}
    points={
      Array [
        450,
        0,
        450,
        500,
      ]
    }
    stroke="#ccc"
    strokeWidth={1}
  />
</Fragment>
`;
